{
  "exclude": {
    "files": null,
    "lines": null
  },
  "generated_at": "2019-06-05T13:03:08Z",
  "plugins_used": [
    {
      "name": "AWSKeyDetector"
    },
    {
      "name": "BasicAuthDetector"
    },
    {
      "name": "PrivateKeyDetector"
    },
    {
      "name": "SlackDetector"
    }
  ],
  "results": {},
  "version": "0.12.0-ibm.3"
}
